{
    "id": null,
    "error": {
        "code": -32602,
        "message": "Invalid params",
        "data": {
            "method": [
                "The method field must be a string."
            ],
            "params": [
                "The params field must be an array."
            ]
        }
    },
    "jsonrpc": "2.0"
}
